// Jest Snapshot v1, https://goo.gl/fbAQLP

exports[`matches snapshot 1`] = `
<div>
  <h3>
    Test chatRoom
  </h3>
  <p>
    Test this
  </p>
  <button
    onClick={[Function]}
  >
    Enter Room
  </button>
</div>
`;
